Archive member included to satisfy reference by file (symbol)

/home/trex/gcc-arm-none-eabi-9-2020-q2-update/bin/../lib/gcc/arm-none-eabi/9.3.1/../../../../arm-none-eabi/lib/thumb/v7-m/nofp/libg_nano.a(lib_a-exit.o)
                              /home/trex/gcc-arm-none-eabi-9-2020-q2-update/bin/../lib/gcc/arm-none-eabi/9.3.1/../../../../arm-none-eabi/lib/thumb/v7-m/nofp/crt0.o (exit)
/home/trex/gcc-arm-none-eabi-9-2020-q2-update/bin/../lib/gcc/arm-none-eabi/9.3.1/../../../../arm-none-eabi/lib/thumb/v7-m/nofp/libg_nano.a(lib_a-impure.o)
                              /home/trex/gcc-arm-none-eabi-9-2020-q2-update/bin/../lib/gcc/arm-none-eabi/9.3.1/../../../../arm-none-eabi/lib/thumb/v7-m/nofp/libg_nano.a(lib_a-exit.o) (_global_impure_ptr)
/home/trex/gcc-arm-none-eabi-9-2020-q2-update/bin/../lib/gcc/arm-none-eabi/9.3.1/../../../../arm-none-eabi/lib/thumb/v7-m/nofp/libg_nano.a(lib_a-init.o)
                              /home/trex/gcc-arm-none-eabi-9-2020-q2-update/bin/../lib/gcc/arm-none-eabi/9.3.1/../../../../arm-none-eabi/lib/thumb/v7-m/nofp/crt0.o (__libc_init_array)
/home/trex/gcc-arm-none-eabi-9-2020-q2-update/bin/../lib/gcc/arm-none-eabi/9.3.1/../../../../arm-none-eabi/lib/thumb/v7-m/nofp/libg_nano.a(lib_a-memset.o)
                              /home/trex/gcc-arm-none-eabi-9-2020-q2-update/bin/../lib/gcc/arm-none-eabi/9.3.1/../../../../arm-none-eabi/lib/thumb/v7-m/nofp/crt0.o (memset)
/home/trex/gcc-arm-none-eabi-9-2020-q2-update/bin/../lib/gcc/arm-none-eabi/9.3.1/../../../../arm-none-eabi/lib/thumb/v7-m/nofp/libnosys.a(_exit.o)
                              /home/trex/gcc-arm-none-eabi-9-2020-q2-update/bin/../lib/gcc/arm-none-eabi/9.3.1/../../../../arm-none-eabi/lib/thumb/v7-m/nofp/libg_nano.a(lib_a-exit.o) (_exit)

Allocating common symbols
Common symbol       size              file

APB2ENR             0x4               main.o

Memory Configuration

Name             Origin             Length             Attributes
FLASH            0x0000000008000000 0x0000000000020000 xr
RAM              0x0000000020000000 0x0000000000005000 xrw
MEMORY_B1        0x0000000060000000 0x0000000000000000 xr
*default*        0x0000000000000000 0xffffffffffffffff

Linker script and memory map

LOAD /home/trex/gcc-arm-none-eabi-9-2020-q2-update/bin/../lib/gcc/arm-none-eabi/9.3.1/thumb/v7-m/nofp/crti.o
LOAD /home/trex/gcc-arm-none-eabi-9-2020-q2-update/bin/../lib/gcc/arm-none-eabi/9.3.1/thumb/v7-m/nofp/crtbegin.o
LOAD /home/trex/gcc-arm-none-eabi-9-2020-q2-update/bin/../lib/gcc/arm-none-eabi/9.3.1/../../../../arm-none-eabi/lib/thumb/v7-m/nofp/crt0.o
LOAD stm32f10x_rcc.o
LOAD main.o
LOAD system_stm32f10x.o
LOAD stm32f10x_gpio.o
LOAD startup_stm32f10x_md.o
START GROUP
LOAD /home/trex/gcc-arm-none-eabi-9-2020-q2-update/bin/../lib/gcc/arm-none-eabi/9.3.1/thumb/v7-m/nofp/libgcc.a
LOAD /home/trex/gcc-arm-none-eabi-9-2020-q2-update/bin/../lib/gcc/arm-none-eabi/9.3.1/../../../../arm-none-eabi/lib/thumb/v7-m/nofp/libg_nano.a
LOAD /home/trex/gcc-arm-none-eabi-9-2020-q2-update/bin/../lib/gcc/arm-none-eabi/9.3.1/../../../../arm-none-eabi/lib/thumb/v7-m/nofp/libc_nano.a
END GROUP
START GROUP
LOAD /home/trex/gcc-arm-none-eabi-9-2020-q2-update/bin/../lib/gcc/arm-none-eabi/9.3.1/thumb/v7-m/nofp/libgcc.a
LOAD /home/trex/gcc-arm-none-eabi-9-2020-q2-update/bin/../lib/gcc/arm-none-eabi/9.3.1/../../../../arm-none-eabi/lib/thumb/v7-m/nofp/libc_nano.a
LOAD /home/trex/gcc-arm-none-eabi-9-2020-q2-update/bin/../lib/gcc/arm-none-eabi/9.3.1/../../../../arm-none-eabi/lib/thumb/v7-m/nofp/libnosys.a
END GROUP
START GROUP
LOAD /home/trex/gcc-arm-none-eabi-9-2020-q2-update/bin/../lib/gcc/arm-none-eabi/9.3.1/thumb/v7-m/nofp/libgcc.a
LOAD /home/trex/gcc-arm-none-eabi-9-2020-q2-update/bin/../lib/gcc/arm-none-eabi/9.3.1/../../../../arm-none-eabi/lib/thumb/v7-m/nofp/libc_nano.a
LOAD /home/trex/gcc-arm-none-eabi-9-2020-q2-update/bin/../lib/gcc/arm-none-eabi/9.3.1/../../../../arm-none-eabi/lib/thumb/v7-m/nofp/libnosys.a
END GROUP
LOAD /home/trex/gcc-arm-none-eabi-9-2020-q2-update/bin/../lib/gcc/arm-none-eabi/9.3.1/thumb/v7-m/nofp/crtend.o
LOAD /home/trex/gcc-arm-none-eabi-9-2020-q2-update/bin/../lib/gcc/arm-none-eabi/9.3.1/thumb/v7-m/nofp/crtn.o
                0x0000000020005000                _estack = 0x20005000
                0x0000000000000000                _Min_Heap_Size = 0x0
                0x0000000000000100                _Min_Stack_Size = 0x100

.isr_vector     0x0000000008000000      0x10c
                0x0000000008000000                . = ALIGN (0x4)
 *(.isr_vector)
 .isr_vector    0x0000000008000000      0x10c startup_stm32f10x_md.o
                0x0000000008000000                g_pfnVectors
                0x000000000800010c                . = ALIGN (0x4)

.text           0x000000000800010c     0x1200
                0x000000000800010c                . = ALIGN (0x4)
 *(.text)
 .text          0x000000000800010c        0x0 /home/trex/gcc-arm-none-eabi-9-2020-q2-update/bin/../lib/gcc/arm-none-eabi/9.3.1/thumb/v7-m/nofp/crti.o
 .text          0x000000000800010c       0x40 /home/trex/gcc-arm-none-eabi-9-2020-q2-update/bin/../lib/gcc/arm-none-eabi/9.3.1/thumb/v7-m/nofp/crtbegin.o
 .text          0x000000000800014c       0x7c /home/trex/gcc-arm-none-eabi-9-2020-q2-update/bin/../lib/gcc/arm-none-eabi/9.3.1/../../../../arm-none-eabi/lib/thumb/v7-m/nofp/crt0.o
                0x000000000800014c                _stack_init
                0x0000000008000154                _mainCRTStartup
                0x0000000008000154                _start
 .text          0x00000000080001c8      0x7dc stm32f10x_rcc.o
                0x00000000080001c8                RCC_DeInit
                0x0000000008000224                RCC_HSEConfig
                0x0000000008000280                RCC_WaitForHSEStartUp
                0x00000000080002d0                RCC_AdjustHSICalibrationValue
                0x000000000800030c                RCC_HSICmd
                0x000000000800032c                RCC_PLLConfig
                0x0000000008000368                RCC_PLLCmd
                0x0000000008000388                RCC_SYSCLKConfig
                0x00000000080003c0                RCC_GetSYSCLKSource
                0x00000000080003dc                RCC_HCLKConfig
                0x0000000008000414                RCC_PCLK1Config
                0x000000000800044c                RCC_PCLK2Config
                0x0000000008000484                RCC_ITConfig
                0x00000000080004d0                RCC_USBCLKConfig
                0x00000000080004ec                RCC_ADCCLKConfig
                0x0000000008000524                RCC_LSEConfig
                0x0000000008000564                RCC_LSICmd
                0x0000000008000584                RCC_RTCCLKConfig
                0x00000000080005a8                RCC_RTCCLKCmd
                0x00000000080005c8                RCC_GetClocksFreq
                0x0000000008000734                RCC_AHBPeriphClockCmd
                0x0000000008000770                RCC_APB2PeriphClockCmd
                0x00000000080007ac                RCC_APB1PeriphClockCmd
                0x00000000080007e8                RCC_APB2PeriphResetCmd
                0x0000000008000824                RCC_APB1PeriphResetCmd
                0x0000000008000860                RCC_BackupResetCmd
                0x0000000008000880                RCC_ClockSecuritySystemCmd
                0x00000000080008a0                RCC_MCOConfig
                0x00000000080008c0                RCC_GetFlagStatus
                0x0000000008000934                RCC_ClearFlag
                0x0000000008000950                RCC_GetITStatus
                0x0000000008000984                RCC_ClearITPendingBit
 .text          0x00000000080009a4       0x38 main.o
                0x00000000080009a4                main
 .text          0x00000000080009dc      0x258 system_stm32f10x.o
                0x00000000080009dc                SystemInit
                0x0000000008000a44                SystemCoreClockUpdate
 .text          0x0000000008000c34      0x5d8 stm32f10x_gpio.o
                0x0000000008000c34                GPIO_DeInit
                0x0000000008000d18                GPIO_AFIODeInit
                0x0000000008000d30                GPIO_Init
                0x0000000008000ea8                GPIO_StructInit
                0x0000000008000ece                GPIO_ReadInputDataBit
                0x0000000008000f00                GPIO_ReadInputData
                0x0000000008000f18                GPIO_ReadOutputDataBit
                0x0000000008000f4a                GPIO_ReadOutputData
                0x0000000008000f62                GPIO_SetBits
                0x0000000008000f7e                GPIO_ResetBits
                0x0000000008000f9a                GPIO_WriteBit
                0x0000000008000fc8                GPIO_Write
                0x0000000008000fe4                GPIO_PinLockConfig
                0x0000000008001026                GPIO_EventOutputConfig
                0x0000000008001070                GPIO_EventOutputCmd
                0x0000000008001090                GPIO_PinRemapConfig
                0x0000000008001170                GPIO_EXTILineConfig
                0x00000000080011f0                GPIO_ETH_MediaInterfaceConfig
 .text          0x000000000800120c       0x14 startup_stm32f10x_md.o
 .text          0x0000000008001220        0x0 /home/trex/gcc-arm-none-eabi-9-2020-q2-update/bin/../lib/gcc/arm-none-eabi/9.3.1/../../../../arm-none-eabi/lib/thumb/v7-m/nofp/libg_nano.a(lib_a-exit.o)
 .text          0x0000000008001220        0x0 /home/trex/gcc-arm-none-eabi-9-2020-q2-update/bin/../lib/gcc/arm-none-eabi/9.3.1/../../../../arm-none-eabi/lib/thumb/v7-m/nofp/libg_nano.a(lib_a-impure.o)
 .text          0x0000000008001220        0x0 /home/trex/gcc-arm-none-eabi-9-2020-q2-update/bin/../lib/gcc/arm-none-eabi/9.3.1/../../../../arm-none-eabi/lib/thumb/v7-m/nofp/libg_nano.a(lib_a-init.o)
 .text          0x0000000008001220        0x0 /home/trex/gcc-arm-none-eabi-9-2020-q2-update/bin/../lib/gcc/arm-none-eabi/9.3.1/../../../../arm-none-eabi/lib/thumb/v7-m/nofp/libg_nano.a(lib_a-memset.o)
 .text          0x0000000008001220        0x0 /home/trex/gcc-arm-none-eabi-9-2020-q2-update/bin/../lib/gcc/arm-none-eabi/9.3.1/../../../../arm-none-eabi/lib/thumb/v7-m/nofp/libnosys.a(_exit.o)
 .text          0x0000000008001220        0x0 /home/trex/gcc-arm-none-eabi-9-2020-q2-update/bin/../lib/gcc/arm-none-eabi/9.3.1/thumb/v7-m/nofp/crtend.o
 .text          0x0000000008001220        0x0 /home/trex/gcc-arm-none-eabi-9-2020-q2-update/bin/../lib/gcc/arm-none-eabi/9.3.1/thumb/v7-m/nofp/crtn.o
 *(.text*)
 .text.Reset_Handler
                0x0000000008001220       0x48 startup_stm32f10x_md.o
                0x0000000008001220                Reset_Handler
 .text.Default_Handler
                0x0000000008001268        0x2 startup_stm32f10x_md.o
                0x0000000008001268                EXTI2_IRQHandler
                0x0000000008001268                DebugMon_Handler
                0x0000000008001268                TIM1_CC_IRQHandler
                0x0000000008001268                HardFault_Handler
                0x0000000008001268                SysTick_Handler
                0x0000000008001268                PVD_IRQHandler
                0x0000000008001268                PendSV_Handler
                0x0000000008001268                NMI_Handler
                0x0000000008001268                EXTI3_IRQHandler
                0x0000000008001268                EXTI0_IRQHandler
                0x0000000008001268                I2C2_EV_IRQHandler
                0x0000000008001268                UsageFault_Handler
                0x0000000008001268                ADC1_2_IRQHandler
                0x0000000008001268                SPI1_IRQHandler
                0x0000000008001268                TAMPER_IRQHandler
                0x0000000008001268                DMA1_Channel4_IRQHandler
                0x0000000008001268                USART3_IRQHandler
                0x0000000008001268                RTC_IRQHandler
                0x0000000008001268                DMA1_Channel7_IRQHandler
                0x0000000008001268                CAN1_RX1_IRQHandler
                0x0000000008001268                TIM4_IRQHandler
                0x0000000008001268                I2C1_EV_IRQHandler
                0x0000000008001268                DMA1_Channel6_IRQHandler
                0x0000000008001268                TIM3_IRQHandler
                0x0000000008001268                RCC_IRQHandler
                0x0000000008001268                TIM1_TRG_COM_IRQHandler
                0x0000000008001268                DMA1_Channel1_IRQHandler
                0x0000000008001268                Default_Handler
                0x0000000008001268                EXTI15_10_IRQHandler
                0x0000000008001268                EXTI9_5_IRQHandler
                0x0000000008001268                SPI2_IRQHandler
                0x0000000008001268                MemManage_Handler
                0x0000000008001268                SVC_Handler
                0x0000000008001268                DMA1_Channel5_IRQHandler
                0x0000000008001268                EXTI4_IRQHandler
                0x0000000008001268                USB_LP_CAN1_RX0_IRQHandler
                0x0000000008001268                USB_HP_CAN1_TX_IRQHandler
                0x0000000008001268                DMA1_Channel3_IRQHandler
                0x0000000008001268                TIM1_UP_IRQHandler
                0x0000000008001268                WWDG_IRQHandler
                0x0000000008001268                TIM2_IRQHandler
                0x0000000008001268                TIM1_BRK_IRQHandler
                0x0000000008001268                EXTI1_IRQHandler
                0x0000000008001268                RTCAlarm_IRQHandler
                0x0000000008001268                USART2_IRQHandler
                0x0000000008001268                I2C2_ER_IRQHandler
                0x0000000008001268                DMA1_Channel2_IRQHandler
                0x0000000008001268                CAN1_SCE_IRQHandler
                0x0000000008001268                FLASH_IRQHandler
                0x0000000008001268                BusFault_Handler
                0x0000000008001268                USART1_IRQHandler
                0x0000000008001268                I2C1_ER_IRQHandler
                0x0000000008001268                USBWakeUp_IRQHandler
 *fill*         0x000000000800126a        0x2 
 .text.exit     0x000000000800126c       0x28 /home/trex/gcc-arm-none-eabi-9-2020-q2-update/bin/../lib/gcc/arm-none-eabi/9.3.1/../../../../arm-none-eabi/lib/thumb/v7-m/nofp/libg_nano.a(lib_a-exit.o)
                0x000000000800126c                exit
 .text.__libc_init_array
                0x0000000008001294       0x48 /home/trex/gcc-arm-none-eabi-9-2020-q2-update/bin/../lib/gcc/arm-none-eabi/9.3.1/../../../../arm-none-eabi/lib/thumb/v7-m/nofp/libg_nano.a(lib_a-init.o)
                0x0000000008001294                __libc_init_array
 .text.memset   0x00000000080012dc       0x10 /home/trex/gcc-arm-none-eabi-9-2020-q2-update/bin/../lib/gcc/arm-none-eabi/9.3.1/../../../../arm-none-eabi/lib/thumb/v7-m/nofp/libg_nano.a(lib_a-memset.o)
                0x00000000080012dc                memset
 .text._exit    0x00000000080012ec        0x4 /home/trex/gcc-arm-none-eabi-9-2020-q2-update/bin/../lib/gcc/arm-none-eabi/9.3.1/../../../../arm-none-eabi/lib/thumb/v7-m/nofp/libnosys.a(_exit.o)
                0x00000000080012ec                _exit
 *(.rodata)
 *(.rodata*)
 .rodata._global_impure_ptr
                0x00000000080012f0        0x4 /home/trex/gcc-arm-none-eabi-9-2020-q2-update/bin/../lib/gcc/arm-none-eabi/9.3.1/../../../../arm-none-eabi/lib/thumb/v7-m/nofp/libg_nano.a(lib_a-impure.o)
                0x00000000080012f0                _global_impure_ptr
 *(.glue_7)
 .glue_7        0x00000000080012f4        0x0 linker stubs
 *(.glue_7t)
 .glue_7t       0x00000000080012f4        0x0 linker stubs
 *(.init)
 .init          0x00000000080012f4        0x4 /home/trex/gcc-arm-none-eabi-9-2020-q2-update/bin/../lib/gcc/arm-none-eabi/9.3.1/thumb/v7-m/nofp/crti.o
                0x00000000080012f4                _init
 .init          0x00000000080012f8        0x8 /home/trex/gcc-arm-none-eabi-9-2020-q2-update/bin/../lib/gcc/arm-none-eabi/9.3.1/thumb/v7-m/nofp/crtn.o
 *(.fini)
 .fini          0x0000000008001300        0x4 /home/trex/gcc-arm-none-eabi-9-2020-q2-update/bin/../lib/gcc/arm-none-eabi/9.3.1/thumb/v7-m/nofp/crti.o
                0x0000000008001300                _fini
 .fini          0x0000000008001304        0x8 /home/trex/gcc-arm-none-eabi-9-2020-q2-update/bin/../lib/gcc/arm-none-eabi/9.3.1/thumb/v7-m/nofp/crtn.o
                0x000000000800130c                . = ALIGN (0x4)
                0x000000000800130c                _etext = .

.vfp11_veneer   0x000000000800130c        0x0
 .vfp11_veneer  0x000000000800130c        0x0 linker stubs

.v4_bx          0x000000000800130c        0x0
 .v4_bx         0x000000000800130c        0x0 linker stubs

.iplt           0x000000000800130c        0x0
 .iplt          0x000000000800130c        0x0 /home/trex/gcc-arm-none-eabi-9-2020-q2-update/bin/../lib/gcc/arm-none-eabi/9.3.1/thumb/v7-m/nofp/crtbegin.o

.ARM.extab      0x000000000800130c        0x0
 *(.ARM.extab* .gnu.linkonce.armextab.*)
 .ARM.extab     0x000000000800130c        0x0 /home/trex/gcc-arm-none-eabi-9-2020-q2-update/bin/../lib/gcc/arm-none-eabi/9.3.1/../../../../arm-none-eabi/lib/thumb/v7-m/nofp/crt0.o

.eh_frame       0x000000000800130c        0x4
 .eh_frame      0x000000000800130c        0x0 /home/trex/gcc-arm-none-eabi-9-2020-q2-update/bin/../lib/gcc/arm-none-eabi/9.3.1/thumb/v7-m/nofp/crtbegin.o
 .eh_frame      0x000000000800130c        0x4 /home/trex/gcc-arm-none-eabi-9-2020-q2-update/bin/../lib/gcc/arm-none-eabi/9.3.1/thumb/v7-m/nofp/crtend.o

.ARM            0x0000000008001310        0x8
                0x0000000008001310                __exidx_start = .
 *(.ARM.exidx*)
 .ARM.exidx     0x0000000008001310        0x8 /home/trex/gcc-arm-none-eabi-9-2020-q2-update/bin/../lib/gcc/arm-none-eabi/9.3.1/../../../../arm-none-eabi/lib/thumb/v7-m/nofp/crt0.o
                                         0x10 (size before relaxing)
                0x0000000008001318                __exidx_end = .

.rel.dyn        0x0000000008001318        0x0
 .rel.iplt      0x0000000008001318        0x0 /home/trex/gcc-arm-none-eabi-9-2020-q2-update/bin/../lib/gcc/arm-none-eabi/9.3.1/thumb/v7-m/nofp/crtbegin.o

.ARM.attributes
                0x0000000008001318       0x29
 *(.ARM.attributes)
 .ARM.attributes
                0x0000000008001318       0x1d /home/trex/gcc-arm-none-eabi-9-2020-q2-update/bin/../lib/gcc/arm-none-eabi/9.3.1/thumb/v7-m/nofp/crti.o
 .ARM.attributes
                0x0000000008001335       0x2d /home/trex/gcc-arm-none-eabi-9-2020-q2-update/bin/../lib/gcc/arm-none-eabi/9.3.1/thumb/v7-m/nofp/crtbegin.o
 .ARM.attributes
                0x0000000008001362       0x1b /home/trex/gcc-arm-none-eabi-9-2020-q2-update/bin/../lib/gcc/arm-none-eabi/9.3.1/../../../../arm-none-eabi/lib/thumb/v7-m/nofp/crt0.o
 .ARM.attributes
                0x000000000800137d       0x2d stm32f10x_rcc.o
 .ARM.attributes
                0x00000000080013aa       0x2d main.o
 .ARM.attributes
                0x00000000080013d7       0x2d system_stm32f10x.o
 .ARM.attributes
                0x0000000008001404       0x2d stm32f10x_gpio.o
 .ARM.attributes
                0x0000000008001431       0x21 startup_stm32f10x_md.o
 .ARM.attributes
                0x0000000008001452       0x2d /home/trex/gcc-arm-none-eabi-9-2020-q2-update/bin/../lib/gcc/arm-none-eabi/9.3.1/../../../../arm-none-eabi/lib/thumb/v7-m/nofp/libg_nano.a(lib_a-exit.o)
 .ARM.attributes
                0x000000000800147f       0x2d /home/trex/gcc-arm-none-eabi-9-2020-q2-update/bin/../lib/gcc/arm-none-eabi/9.3.1/../../../../arm-none-eabi/lib/thumb/v7-m/nofp/libg_nano.a(lib_a-impure.o)
 .ARM.attributes
                0x00000000080014ac       0x2d /home/trex/gcc-arm-none-eabi-9-2020-q2-update/bin/../lib/gcc/arm-none-eabi/9.3.1/../../../../arm-none-eabi/lib/thumb/v7-m/nofp/libg_nano.a(lib_a-init.o)
 .ARM.attributes
                0x00000000080014d9       0x2d /home/trex/gcc-arm-none-eabi-9-2020-q2-update/bin/../lib/gcc/arm-none-eabi/9.3.1/../../../../arm-none-eabi/lib/thumb/v7-m/nofp/libg_nano.a(lib_a-memset.o)
 .ARM.attributes
                0x0000000008001506       0x2d /home/trex/gcc-arm-none-eabi-9-2020-q2-update/bin/../lib/gcc/arm-none-eabi/9.3.1/../../../../arm-none-eabi/lib/thumb/v7-m/nofp/libnosys.a(_exit.o)
 .ARM.attributes
                0x0000000008001533       0x2d /home/trex/gcc-arm-none-eabi-9-2020-q2-update/bin/../lib/gcc/arm-none-eabi/9.3.1/thumb/v7-m/nofp/crtend.o
 .ARM.attributes
                0x0000000008001560       0x1d /home/trex/gcc-arm-none-eabi-9-2020-q2-update/bin/../lib/gcc/arm-none-eabi/9.3.1/thumb/v7-m/nofp/crtn.o

.preinit_array  0x0000000008001318        0x0
                0x0000000008001318                PROVIDE (__preinit_array_start = .)
 *(.preinit_array*)
                0x0000000008001318                PROVIDE (__preinit_array_end = .)

.init_array     0x0000000008001318        0x4
                0x0000000008001318                PROVIDE (__init_array_start = .)
 *(SORT_BY_NAME(.init_array.*))
 *(.init_array*)
 .init_array    0x0000000008001318        0x4 /home/trex/gcc-arm-none-eabi-9-2020-q2-update/bin/../lib/gcc/arm-none-eabi/9.3.1/thumb/v7-m/nofp/crtbegin.o
                0x000000000800131c                PROVIDE (__init_array_end = .)

.fini_array     0x000000000800131c        0x4
                [!provide]                        PROVIDE (__fini_array_start = .)
 *(.fini_array*)
 .fini_array    0x000000000800131c        0x4 /home/trex/gcc-arm-none-eabi-9-2020-q2-update/bin/../lib/gcc/arm-none-eabi/9.3.1/thumb/v7-m/nofp/crtbegin.o
 *(SORT_BY_NAME(.fini_array.*))
                [!provide]                        PROVIDE (__fini_array_end = .)
                0x0000000008001320                _sidata = .

.data           0x0000000020000000       0x90 load address 0x0000000008001320
                0x0000000020000000                . = ALIGN (0x4)
                0x0000000020000000                _sdata = .
 *(.data)
 .data          0x0000000020000000        0x0 /home/trex/gcc-arm-none-eabi-9-2020-q2-update/bin/../lib/gcc/arm-none-eabi/9.3.1/thumb/v7-m/nofp/crti.o
 .data          0x0000000020000000        0x4 /home/trex/gcc-arm-none-eabi-9-2020-q2-update/bin/../lib/gcc/arm-none-eabi/9.3.1/thumb/v7-m/nofp/crtbegin.o
                0x0000000020000000                __dso_handle
 .data          0x0000000020000004        0x0 /home/trex/gcc-arm-none-eabi-9-2020-q2-update/bin/../lib/gcc/arm-none-eabi/9.3.1/../../../../arm-none-eabi/lib/thumb/v7-m/nofp/crt0.o
 .data          0x0000000020000004       0x14 stm32f10x_rcc.o
 .data          0x0000000020000018        0x0 main.o
 .data          0x0000000020000018       0x14 system_stm32f10x.o
                0x0000000020000018                SystemCoreClock
                0x000000002000001c                AHBPrescTable
 .data          0x000000002000002c        0x0 stm32f10x_gpio.o
 .data          0x000000002000002c        0x0 startup_stm32f10x_md.o
 .data          0x000000002000002c        0x0 /home/trex/gcc-arm-none-eabi-9-2020-q2-update/bin/../lib/gcc/arm-none-eabi/9.3.1/../../../../arm-none-eabi/lib/thumb/v7-m/nofp/libg_nano.a(lib_a-exit.o)
 .data          0x000000002000002c        0x0 /home/trex/gcc-arm-none-eabi-9-2020-q2-update/bin/../lib/gcc/arm-none-eabi/9.3.1/../../../../arm-none-eabi/lib/thumb/v7-m/nofp/libg_nano.a(lib_a-impure.o)
 .data          0x000000002000002c        0x0 /home/trex/gcc-arm-none-eabi-9-2020-q2-update/bin/../lib/gcc/arm-none-eabi/9.3.1/../../../../arm-none-eabi/lib/thumb/v7-m/nofp/libg_nano.a(lib_a-init.o)
 .data          0x000000002000002c        0x0 /home/trex/gcc-arm-none-eabi-9-2020-q2-update/bin/../lib/gcc/arm-none-eabi/9.3.1/../../../../arm-none-eabi/lib/thumb/v7-m/nofp/libg_nano.a(lib_a-memset.o)
 .data          0x000000002000002c        0x0 /home/trex/gcc-arm-none-eabi-9-2020-q2-update/bin/../lib/gcc/arm-none-eabi/9.3.1/../../../../arm-none-eabi/lib/thumb/v7-m/nofp/libnosys.a(_exit.o)
 .data          0x000000002000002c        0x0 /home/trex/gcc-arm-none-eabi-9-2020-q2-update/bin/../lib/gcc/arm-none-eabi/9.3.1/thumb/v7-m/nofp/crtend.o
 .data          0x000000002000002c        0x0 /home/trex/gcc-arm-none-eabi-9-2020-q2-update/bin/../lib/gcc/arm-none-eabi/9.3.1/thumb/v7-m/nofp/crtn.o
 *(.data*)
 .data._impure_ptr
                0x000000002000002c        0x4 /home/trex/gcc-arm-none-eabi-9-2020-q2-update/bin/../lib/gcc/arm-none-eabi/9.3.1/../../../../arm-none-eabi/lib/thumb/v7-m/nofp/libg_nano.a(lib_a-impure.o)
                0x000000002000002c                _impure_ptr
 .data.impure_data
                0x0000000020000030       0x60 /home/trex/gcc-arm-none-eabi-9-2020-q2-update/bin/../lib/gcc/arm-none-eabi/9.3.1/../../../../arm-none-eabi/lib/thumb/v7-m/nofp/libg_nano.a(lib_a-impure.o)
                0x0000000020000090                . = ALIGN (0x4)
                0x0000000020000090                _edata = .

.igot.plt       0x0000000020000090        0x0 load address 0x00000000080013b0
 .igot.plt      0x0000000020000090        0x0 /home/trex/gcc-arm-none-eabi-9-2020-q2-update/bin/../lib/gcc/arm-none-eabi/9.3.1/thumb/v7-m/nofp/crtbegin.o
                0x0000000020000090                . = ALIGN (0x4)

.bss            0x0000000020000090       0x20 load address 0x00000000080013b0
                0x0000000020000090                _sbss = .
                0x0000000020000090                __bss_start__ = _sbss
 *(.bss)
 .bss           0x0000000020000090        0x0 /home/trex/gcc-arm-none-eabi-9-2020-q2-update/bin/../lib/gcc/arm-none-eabi/9.3.1/thumb/v7-m/nofp/crti.o
 .bss           0x0000000020000090       0x1c /home/trex/gcc-arm-none-eabi-9-2020-q2-update/bin/../lib/gcc/arm-none-eabi/9.3.1/thumb/v7-m/nofp/crtbegin.o
 .bss           0x00000000200000ac        0x0 /home/trex/gcc-arm-none-eabi-9-2020-q2-update/bin/../lib/gcc/arm-none-eabi/9.3.1/../../../../arm-none-eabi/lib/thumb/v7-m/nofp/crt0.o
 .bss           0x00000000200000ac        0x0 stm32f10x_rcc.o
 .bss           0x00000000200000ac        0x0 main.o
 .bss           0x00000000200000ac        0x0 system_stm32f10x.o
 .bss           0x00000000200000ac        0x0 stm32f10x_gpio.o
 .bss           0x00000000200000ac        0x0 startup_stm32f10x_md.o
 .bss           0x00000000200000ac        0x0 /home/trex/gcc-arm-none-eabi-9-2020-q2-update/bin/../lib/gcc/arm-none-eabi/9.3.1/../../../../arm-none-eabi/lib/thumb/v7-m/nofp/libg_nano.a(lib_a-exit.o)
 .bss           0x00000000200000ac        0x0 /home/trex/gcc-arm-none-eabi-9-2020-q2-update/bin/../lib/gcc/arm-none-eabi/9.3.1/../../../../arm-none-eabi/lib/thumb/v7-m/nofp/libg_nano.a(lib_a-impure.o)
 .bss           0x00000000200000ac        0x0 /home/trex/gcc-arm-none-eabi-9-2020-q2-update/bin/../lib/gcc/arm-none-eabi/9.3.1/../../../../arm-none-eabi/lib/thumb/v7-m/nofp/libg_nano.a(lib_a-init.o)
 .bss           0x00000000200000ac        0x0 /home/trex/gcc-arm-none-eabi-9-2020-q2-update/bin/../lib/gcc/arm-none-eabi/9.3.1/../../../../arm-none-eabi/lib/thumb/v7-m/nofp/libg_nano.a(lib_a-memset.o)
 .bss           0x00000000200000ac        0x0 /home/trex/gcc-arm-none-eabi-9-2020-q2-update/bin/../lib/gcc/arm-none-eabi/9.3.1/../../../../arm-none-eabi/lib/thumb/v7-m/nofp/libnosys.a(_exit.o)
 .bss           0x00000000200000ac        0x0 /home/trex/gcc-arm-none-eabi-9-2020-q2-update/bin/../lib/gcc/arm-none-eabi/9.3.1/thumb/v7-m/nofp/crtend.o
 .bss           0x00000000200000ac        0x0 /home/trex/gcc-arm-none-eabi-9-2020-q2-update/bin/../lib/gcc/arm-none-eabi/9.3.1/thumb/v7-m/nofp/crtn.o
 *(.bss*)
 *(COMMON)
 COMMON         0x00000000200000ac        0x4 main.o
                0x00000000200000ac                APB2ENR
                0x00000000200000b0                . = ALIGN (0x4)
                0x00000000200000b0                _ebss = .
                0x00000000200000b0                __bss_end__ = _ebss
                [!provide]                        PROVIDE (end = _ebss)
                [!provide]                        PROVIDE (_end = _ebss)

._user_heap_stack
                0x00000000200000b0      0x100 load address 0x00000000080013d0
                0x00000000200000b0                . = ALIGN (0x4)
                0x00000000200000b0                . = (. + _Min_Heap_Size)
                0x00000000200001b0                . = (. + _Min_Stack_Size)
 *fill*         0x00000000200000b0      0x100 
                0x00000000200001b0                . = ALIGN (0x4)

.memory_b1_text
 *(.mb1text)
 *(.mb1text*)
 *(.mb1rodata)
 *(.mb1rodata*)

/DISCARD/
 libc.a(*)
 libm.a(*)
 libgcc.a(*)
OUTPUT(final.elf elf32-littlearm)
LOAD linker stubs
LOAD /home/trex/gcc-arm-none-eabi-9-2020-q2-update/bin/../lib/gcc/arm-none-eabi/9.3.1/../../../../arm-none-eabi/lib/thumb/v7-m/nofp/libc.a
LOAD /home/trex/gcc-arm-none-eabi-9-2020-q2-update/bin/../lib/gcc/arm-none-eabi/9.3.1/../../../../arm-none-eabi/lib/thumb/v7-m/nofp/libm.a
LOAD /home/trex/gcc-arm-none-eabi-9-2020-q2-update/bin/../lib/gcc/arm-none-eabi/9.3.1/thumb/v7-m/nofp/libgcc.a

.debug_info     0x0000000000000000     0x1748
 .debug_info    0x0000000000000000      0x911 stm32f10x_rcc.o
 .debug_info    0x0000000000000911      0x242 main.o
 .debug_info    0x0000000000000b53      0x487 system_stm32f10x.o
 .debug_info    0x0000000000000fda      0x74c stm32f10x_gpio.o
 .debug_info    0x0000000000001726       0x22 startup_stm32f10x_md.o

.debug_abbrev   0x0000000000000000      0x710
 .debug_abbrev  0x0000000000000000      0x1f9 stm32f10x_rcc.o
 .debug_abbrev  0x00000000000001f9      0x135 main.o
 .debug_abbrev  0x000000000000032e      0x1c1 system_stm32f10x.o
 .debug_abbrev  0x00000000000004ef      0x20f stm32f10x_gpio.o
 .debug_abbrev  0x00000000000006fe       0x12 startup_stm32f10x_md.o

.debug_aranges  0x0000000000000000       0xa8
 .debug_aranges
                0x0000000000000000       0x20 stm32f10x_rcc.o
 .debug_aranges
                0x0000000000000020       0x20 main.o
 .debug_aranges
                0x0000000000000040       0x20 system_stm32f10x.o
 .debug_aranges
                0x0000000000000060       0x20 stm32f10x_gpio.o
 .debug_aranges
                0x0000000000000080       0x28 startup_stm32f10x_md.o

.debug_line     0x0000000000000000      0xf26
 .debug_line    0x0000000000000000      0x574 stm32f10x_rcc.o
 .debug_line    0x0000000000000574      0x1dc main.o
 .debug_line    0x0000000000000750      0x2bc system_stm32f10x.o
 .debug_line    0x0000000000000a0c      0x4a7 stm32f10x_gpio.o
 .debug_line    0x0000000000000eb3       0x73 startup_stm32f10x_md.o

.debug_str      0x0000000000000000      0x9e8
 .debug_str     0x0000000000000000      0x593 stm32f10x_rcc.o
                                        0x616 (size before relaxing)
 .debug_str     0x0000000000000593      0x136 main.o
                                        0x2c2 (size before relaxing)
 .debug_str     0x00000000000006c9       0xc2 system_stm32f10x.o
                                        0x2cc (size before relaxing)
 .debug_str     0x000000000000078b      0x238 stm32f10x_gpio.o
                                        0x515 (size before relaxing)
 .debug_str     0x00000000000009c3       0x25 startup_stm32f10x_md.o
                                         0x4c (size before relaxing)

.comment        0x0000000000000000       0x4c
 .comment       0x0000000000000000       0x4c stm32f10x_rcc.o
                                         0x4d (size before relaxing)
 .comment       0x000000000000004c       0x4d main.o
 .comment       0x000000000000004c       0x4d system_stm32f10x.o
 .comment       0x000000000000004c       0x4d stm32f10x_gpio.o

.debug_frame    0x0000000000000000      0x920
 .debug_frame   0x0000000000000000      0x4f4 stm32f10x_rcc.o
 .debug_frame   0x00000000000004f4       0x30 main.o
 .debug_frame   0x0000000000000524       0x98 system_stm32f10x.o
 .debug_frame   0x00000000000005bc      0x2d0 stm32f10x_gpio.o
 .debug_frame   0x000000000000088c       0x28 /home/trex/gcc-arm-none-eabi-9-2020-q2-update/bin/../lib/gcc/arm-none-eabi/9.3.1/../../../../arm-none-eabi/lib/thumb/v7-m/nofp/libg_nano.a(lib_a-exit.o)
 .debug_frame   0x00000000000008b4       0x2c /home/trex/gcc-arm-none-eabi-9-2020-q2-update/bin/../lib/gcc/arm-none-eabi/9.3.1/../../../../arm-none-eabi/lib/thumb/v7-m/nofp/libg_nano.a(lib_a-init.o)
 .debug_frame   0x00000000000008e0       0x20 /home/trex/gcc-arm-none-eabi-9-2020-q2-update/bin/../lib/gcc/arm-none-eabi/9.3.1/../../../../arm-none-eabi/lib/thumb/v7-m/nofp/libg_nano.a(lib_a-memset.o)
 .debug_frame   0x0000000000000900       0x20 /home/trex/gcc-arm-none-eabi-9-2020-q2-update/bin/../lib/gcc/arm-none-eabi/9.3.1/../../../../arm-none-eabi/lib/thumb/v7-m/nofp/libnosys.a(_exit.o)

.debug_ranges   0x0000000000000000       0x20
 .debug_ranges  0x0000000000000000       0x20 startup_stm32f10x_md.o
